<html>
<body>
<pre>
<h1>µVision Build Log</h1>
<h2>Tool Versions:</h2>
IDE-Version: ¶ÃVision V5.37.0.0
Copyright (C) 2022 ARM Ltd and ARM Germany GmbH. All rights reserved.
License Information: 1 Administrator, 1, LIC=JL28G-V9STD-II75V-PNF17-YRS78-8JXFE
 
Tool Versions:
Toolchain:       MDK-ARM Plus  Version: 5.37.0.0
Toolchain Path:  D:\Keil\ARM\ARMCLANG\Bin
C Compiler:      ArmClang.exe V6.18
Assembler:       Armasm.exe V6.18
Linker/Locator:  ArmLink.exe V6.18
Library Manager: ArmAr.exe V6.18
Hex Converter:   FromElf.exe V6.18
CPU DLL:         SARMCM3.DLL V5.37.0.0
Dialog DLL:      DCM.DLL V1.17.5.0
Target DLL:      STLink\ST-LINKIII-KEIL_SWO.dll V3.0.9.0
Dialog DLL:      TCM.DLL V1.56.1.0
 
<h2>Project:</h2>
D:\GitHubDesktop\Code\STM32G4-Course-Project\∞Õ∑®‘∆+Esp8266+STM32G431+ø™µ∆π‚µ∆\MDK-ARM\STM32G431.uvprojx
Project File Date:  06/21/2024

<h2>Output:</h2>
*** Using Compiler 'V6.18', folder: 'D:\Keil\ARM\ARMCLANG\Bin'
Build target 'STM32G431'
compiling gpio.c...
compiling stm32g4xx_it.c...
compiling sys.c...
compiling usart.c...
compiling stm32g4xx_hal_msp.c...
compiling oled.c...
../Src/main.c(170): warning: implicit declaration of function 'OLED_Clear_Line' is invalid in C99 [-Wimplicit-function-declaration]
    OLED_Clear_Line(6); // Ê∏ÖÂ±è
    ^
../Src/main.c(361): warning: passing 'char[5]' to parameter of type 'u8 *' (aka 'unsigned char *') converts between pointers to integer types where one is of the unique plain 'char' type and the other is not [-Wpointer-sign]
                OLED_ShowString(40,0,"1211");
                                     ^~~~~~
../Inc\oled.h(50): note: passing argument to parameter 'p' here
void OLED_ShowString(u8 x,u8 y, u8 *p);  
                                    ^
../Src/main.c(365): warning: passing 'char[2]' to parameter of type 'u8 *' (aka 'unsigned char *') converts between pointers to integer types where one is of the unique plain 'char' type and the other is not [-Wpointer-sign]
                OLED_ShowString(19,3,":");
                                     ^~~
../Inc\oled.h(50): note: passing argument to parameter 'p' here
void OLED_ShowString(u8 x,u8 y, u8 *p);  
                                    ^
../Src/main.c(366): warning: passing 'char[12]' to parameter of type 'u8 *' (aka 'unsigned char *') converts between pointers to integer types where one is of the unique plain 'char' type and the other is not [-Wpointer-sign]
                OLED_ShowString(20,3,"10214421000");
                                     ^~~~~~~~~~~~~
../Inc\oled.h(50): note: passing argument to parameter 'p' here
void OLED_ShowString(u8 x,u8 y, u8 *p);  
                                    ^
4 warnings generated.
compiling main.c...
compiling stm32g4xx_hal_tim.c...
compiling stm32g4xx_hal_tim_ex.c...
compiling stm32g4xx_hal_gpio.c...
compiling stm32g4xx_hal.c...
compiling stm32g4xx_hal_rcc.c...
compiling stm32g4xx_hal_flash_ramfunc.c...
compiling stm32g4xx_hal_rcc_ex.c...
compiling stm32g4xx_hal_flash.c...
compiling stm32g4xx_hal_exti.c...
compiling stm32g4xx_hal_flash_ex.c...
compiling stm32g4xx_hal_dma_ex.c...
compiling stm32g4xx_hal_dma.c...
compiling stm32g4xx_hal_pwr.c...
compiling stm32g4xx_hal_cortex.c...
compiling stm32g4xx_hal_pwr_ex.c...
compiling system_stm32g4xx.c...
compiling stm32g4xx_hal_uart_ex.c...
compiling stm32g4xx_hal_uart.c...
linking...
Program Size: Code=9398 RO-data=2410 RW-data=172 ZI-data=3244  
FromELF: creating hex file...
"STM32G431\STM32G431.axf" - 0 Error(s), 4 Warning(s).

<h2>Software Packages used:</h2>

Package Vendor: ARM
                http://www.keil.com/pack/ARM.CMSIS.5.9.0.pack
                ARM.CMSIS.5.9.0
                CMSIS (Common Microcontroller Software Interface Standard)
   * Component: CORE Version: 5.6.0

Package Vendor: Keil
                http://www.keil.com/pack/Keil.STM32G4xx_DFP.1.1.0.pack
                Keil.STM32G4xx_DFP.1.1.0
                STMicroelectronics STM32G4 Series Device Support, Drivers and Examples

<h2>Collection of Component include folders:</h2>
  ./RTE/_STM32G431
  D:/Keil/Pack/ARM/CMSIS/5.9.0/CMSIS/Core/Include
  D:/Keil/Pack/Keil/STM32G4xx_DFP/1.1.0/Drivers/CMSIS/Device/ST/STM32G4xx/Include

<h2>Collection of Component Files used:</h2>

   * Component: ARM::CMSIS:CORE:5.6.0
Build Time Elapsed:  00:00:03
</pre>
</body>
</html>
